---
source: crates/rumps-query/tests/scripts.rs
description: "; Error: wrong field type in nested object alias\n\nnewtype Address = { street: String, city: String, zip: String }\nnewtype Patient = { id: Int, name: String, address: Address }\n\nfun main() {\n  ; address.zip should be String, not Int\n  let p: Patient = {\n    id: 1,\n    name: \"Alice\",\n    address: { street: \"123 Main\", city: \"NYC\", zip: 10001 }\n  }\n}\n"
---
ERROR: type `String` does not satisfy `Numeric` class
