---
source: crates/rumps-query/tests/scripts.rs
description: "; Error: constraint violation; calling a Numeric function with String\n\nfun main() {\n  write add-numeric(\"foo\", \"bar\")\n}\n\nfun add-numeric[T: Numeric](a: T, b: T) -> T {\n  a + b\n}\n"
---
ERROR: type `String` does not satisfy `Numeric` class
