---
source: crates/rumps-query/tests/scripts.rs
assertion_line: 37
description: "; Pattern arity mismatch error\n\nLET opt = Option.Some(42)\n\n; This should fail because Option.Some has 1 payload, not 2\nLET result = MATCH opt {\n  Option.Some(a, b) => { a + b }\n  Option.None => { 0 }\n}\n\nOUTPUT result\n"
---
ERROR: undefined variable `b`
