---
source: crates/rumps-query/tests/scripts.rs
description: "; Error: wrong field type in struct\n\nTYPE Person = { name: String, age: Int }\n\n; age should be Int, not String\nLET p: Person = { name: \"Alice\", age: \"thirty\" }\n"
---
ERROR: type error at 111..159: field `age`: expected `Int`, got `String`
