---
source: crates/rumps-query/tests/scripts.rs
description: "; Union narrowing via type annotation should be rejected.\n; Use MATCH/IS for runtime type narrowing instead.\n\nfun main() {\n  let r = 1 ..= 10\n  ; `Iterable:reverse` on `Range` returns `Range`\n  let revd: Array[Char] = Iterable:reverse(r)\n  write revd\n}\n"
---
ERROR: type mismatch: expected `Array[Char]`, got `Range`
