---
source: crates/rumps-query/tests/scripts.rs
description: "; Multiple instances of a parameterized user class for the same for-type\n; with different class args, using turbofish syntax to select the instance.\n\nvariant Wrapper = Wrapper(Int)\nvariant Label = Label(String)\n\nclass MyInto[T] C {\n  fun convert(x: C) -> T\n}\n\nclass MyInto[Label] for Wrapper {\n  fun convert(x: Wrapper) -> Label {\n    match x {\n      Wrapper.Wrapper(n) => { Label.Label(\"w:{n}\") }\n    }\n  }\n}\n\nclass MyInto[Int] for Wrapper {\n  fun convert(x: Wrapper) -> Int {\n    match x {\n      Wrapper.Wrapper(n) => { n }\n    }\n  }\n}\n\nfun main() {\n  let w = Wrapper.Wrapper(99)\n  ; turbofish selects the correct instance\n  let lbl = MyInto[Label]:convert(w)\n  let n = MyInto[Int]:convert(w)\n  write lbl\n  write n\n}\n"
---
Label.Label("w:99")
99
