---
source: crates/rumps-query/tests/scripts.rs
description: "; `F: Unwrappable` does not satisfy coalescing.\n\nvariant Box[T] = Full(T) | Empty\n\nclass Wrappable for Box {\n  fun wrap(x: T) -> Box[T] {\n    Box.Full(x)\n  }\n}\n\nclass Unwrappable for Box {\n  fun unwrap(b: Box[T]) -> T {\n    match b {\n      Box.Full(x) => { x }\n      Box.Empty => { raise \"empty box\" }\n    }\n  }\n}\n\nfun main() {\n  write or-else(Box.Empty, 99)\n}\n\nfun or-else[T, F: Unwrappable](x: F[T], default: T) -> T {\n  x ?? default\n}\n"
---
ERROR: type `T[U]` does not satisfy `Coalescable` class
