---
source: crates/rumps-query/tests/scripts.rs
description: "; Multiple module file imports\n\nMODULE MyMath FROM \"../modules/lib/mymath.rumps\"\nMODULE Utils FROM \"../modules/lib/utils.rumps\"\n\n; Use functions from both modules\nWRITE MyMath.square(4)  ; 16\nWRITE Utils.is-even(4)  ; true\n\n; Combine results\nLET sq = MyMath.square(5)\nLET str = Utils.stringify(sq)\nWRITE str  ; 25\n\nWRITE Utils.version  ; 1.0\nWRITE MyMath.pi > 3.0  ; true\n"
---
16
TRUE
"25"
"1.0"
TRUE
