---
source: crates/rumps-query/tests/scripts.rs
description: "; Test that omitting required associated type produces a type error\n;\n; Indexable requires NEWvariant Index = ... to be defined\n\nvariant MyList = MyList(Array[Int])\n\n; Missing NEWvariant Index = ... declaration; should error\nCLASS Indexable[Int] FOR MyList {\n  FUN index(xs: MyList, i: Int) -> Int { 0 }\n  FUN get(xs: MyList, i: Int) -> Option[Int] { Option.None }\n}\n"
---
ERROR: missing required associated type `Index` for class `Indexable`
