---
source: crates/rumps-query/tests/scripts.rs
description: "#(deriving: Into[String], TryInto[Int])\nunion NameOrId = String | Int\n\nfun main() {\n  write \"bad\"\n}\n"
---
ERROR: `deriving` pragmas are not supported on `union` declarations
`deriving` pragmas are not supported on `union` declarations
