---
source: crates/rumps-query/tests/scripts.rs
description: "; let with expression on next line (after `=`)\n\nfun main() {\n  let x =\n    match Unit {\n      Unit => Unit\n    }\n\n  write x\n\n  ; Also test with other expressions\n  let y =\n    1\n    + 2\n    + 3\n\n  write y\n\n  ; Nested\n  let z =\n    if true {\n      \"yes\"\n    } else {\n      \"no\"\n    }\n\n  write z\n}\n"
---
Unit
6
yes
