---
source: crates/rumps-query/tests/scripts.rs
description: "; Closure `inc` requires `Additive(T)`; calling `inc(\"hello\")`\n; from a forward-referencing `main` must be rejected. Exercises\n; Phase 3.2 (closure body harvest) and Phase 4.3 (finalize for\n; closure-RHS let).\n\nfun main() {\n  write inc(\"hello\")\n}\n\nlet inc = [T: Additive](x: T) -> T => x + 1\n"
---
ERROR: type parameter `T` requires `Numeric` constraint
type `String` does not satisfy `Additive` class
