---
source: crates/rumps-query/tests/scripts.rs
description: "; Test Fallible constraint error cases\n\nFUN main() {\n  ; Calling with Int (not Option or Result) should error\n  WRITE bad-unwrap(42)\n}\n\n; This should fail: Int is not Fallible\nFUN bad-unwrap[T, F: Fallible](x: F[T]) -> T {\n  x!\n}\n"
---
ERROR: type `T[U]` does not satisfy `Numeric` class
