---
source: crates/rumps-query/tests/scripts.rs
description: "; Error test: @KILL on global ref outside transaction\n\nFUN main() {\n  ; Even with Ref annotation, concrete type is preserved\n  LET x: Ref = ^global{}\n\n  ; This should fail: global writes require transaction\n  @KILL x\n  Unit\n}\n"
---
ERROR: global writes require a transaction
