---
source: crates/rumps-query/tests/scripts.rs
description: "; Test: Array.map with heterogeneous tagged results should error\n; This should fail because mixing Option and Result types is heterogeneous\n\nLET result = Array.map(\n  x => IF x > 1 { Option.Some(x) } ELSE { Result.Ok(x) },\n  [1, 2]\n)\nOUTPUT result\n"
---
ERROR: runtime error at 154..233: Array.map: function produces heterogeneous results; all elements must have the same type
