---
source: crates/rumps-query/tests/scripts.rs
description: "; A class method can have only one default body.\n\n#(required: f)\nclass Optional C {\n  fun f(x: C) -> Int\n  fun g(x: C) -> Int\n\n  #(default)\n  fun g(x: C) -> Int {\n    10\n  }\n\n  #(default)\n  fun g(x: C) -> Int {\n    20\n  }\n}\n\nfun main() {\n  write \"bad\"\n}\n"
---
ERROR: 190..221: duplicate default method `g`
